// Jest Snapshot v1, https://goo.gl/fbAQLP

exports[`<MovieListScreen /> renders correctly 1`] = `
<View
  className="tab-layoutstyle__Container-sc-is7n43-0 VGoyA"
>
  <View
    className="tab-layoutstyle__TabBar-sc-is7n43-1 fcuhKW"
  >
    <View
      className="tab-layoutstyle__TabTitleContainer-sc-is7n43-2 iPUiWZ"
    >
      <View
        accessibilityState={
          {
            "busy": undefined,
            "checked": undefined,
            "disabled": undefined,
            "expanded": undefined,
            "selected": undefined,
          }
        }
        accessibilityValue={
          {
            "max": undefined,
            "min": undefined,
            "now": undefined,
            "text": undefined,
          }
        }
        accessible={true}
        collapsable={false}
        focusable={true}
        onClick={[Function]}
        onResponderGrant={[Function]}
        onResponderMove={[Function]}
        onResponderRelease={[Function]}
        onResponderTerminate={[Function]}
        onResponderTerminationRequest={[Function]}
        onStartShouldSetResponder={[Function]}
        style={
          {
            "opacity": 1,
          }
        }
      >
        <View
          className="headlinestyle__Container-sc-1ld0lkh-0 hIopwD"
        >
          <Text
            color="neutral100"
            style={
              {
                "color": "",
                "fontSize": 25,
                "fontWeight": "normal",
              }
            }
            type="Headline"
          >
            TabNowtitle
          </Text>
        </View>
      </View>
      <View
        accessibilityState={
          {
            "busy": undefined,
            "checked": undefined,
            "disabled": undefined,
            "expanded": undefined,
            "selected": undefined,
          }
        }
        accessibilityValue={
          {
            "max": undefined,
            "min": undefined,
            "now": undefined,
            "text": undefined,
          }
        }
        accessible={true}
        collapsable={false}
        focusable={true}
        onClick={[Function]}
        onResponderGrant={[Function]}
        onResponderMove={[Function]}
        onResponderRelease={[Function]}
        onResponderTerminate={[Function]}
        onResponderTerminationRequest={[Function]}
        onStartShouldSetResponder={[Function]}
        style={
          {
            "opacity": 1,
          }
        }
      >
        <View
          className="headlinestyle__Container-sc-1ld0lkh-0 hIopwD"
        >
          <Text
            color="neutral90"
            style={
              {
                "color": "",
                "fontSize": 25,
                "fontWeight": "normal",
              }
            }
            type="Headline"
          >
            Favorities
          </Text>
        </View>
      </View>
    </View>
    <View
      className="tab-layoutstyle__ButtonContaner-sc-is7n43-3 bGcVVD"
    >
      <View
        accessibilityState={
          {
            "busy": undefined,
            "checked": undefined,
            "disabled": undefined,
            "expanded": undefined,
            "selected": undefined,
          }
        }
        accessibilityValue={
          {
            "max": undefined,
            "min": undefined,
            "now": undefined,
            "text": undefined,
          }
        }
        accessible={true}
        collapsable={false}
        focusable={true}
        onClick={[Function]}
        onResponderGrant={[Function]}
        onResponderMove={[Function]}
        onResponderRelease={[Function]}
        onResponderTerminate={[Function]}
        onResponderTerminationRequest={[Function]}
        onStartShouldSetResponder={[Function]}
        style={
          {
            "opacity": 1,
          }
        }
      >
        <SvgMock />
      </View>
    </View>
  </View>
  <RCTScrollView
    data={
      [
        {
          "id": 1,
          "posterPath": "",
          "releaseDate": "2023-09-07",
          "title": "AVENGERS",
          "voteAverage": 10,
        },
        {
          "id": 2,
          "posterPath": "",
          "releaseDate": "2023-09-07",
          "title": "TRANSFORMERS",
          "voteAverage": 10,
        },
      ]
    }
    getItem={[Function]}
    getItemCount={[Function]}
    keyExtractor={[Function]}
    onContentSizeChange={[Function]}
    onLayout={[Function]}
    onMomentumScrollBegin={[Function]}
    onMomentumScrollEnd={[Function]}
    onScroll={[Function]}
    onScrollBeginDrag={[Function]}
    onScrollEndDrag={[Function]}
    refreshControl={
      <RefreshControlMock
        tintColor="#fff"
      />
    }
    removeClippedSubviews={false}
    renderItem={[Function]}
    scrollEventThrottle={50}
    stickyHeaderIndices={[]}
    viewabilityConfigCallbackPairs={[]}
  >
    <RCTRefreshControl />
    <View>
      <View
        onFocusCapture={[Function]}
        onLayout={[Function]}
        style={null}
      >
        <View
          accessibilityState={
            {
              "busy": undefined,
              "checked": undefined,
              "disabled": undefined,
              "expanded": undefined,
              "selected": undefined,
            }
          }
          accessibilityValue={
            {
              "max": undefined,
              "min": undefined,
              "now": undefined,
              "text": undefined,
            }
          }
          accessible={true}
          collapsable={false}
          focusable={true}
          onClick={[Function]}
          onResponderGrant={[Function]}
          onResponderMove={[Function]}
          onResponderRelease={[Function]}
          onResponderTerminate={[Function]}
          onResponderTerminationRequest={[Function]}
          onStartShouldSetResponder={[Function]}
          style={
            {
              "opacity": 1,
            }
          }
        >
          <View
            className="cardcomponent__Card-sc-d7o94l-0 gDJANb"
          >
            <Image
              className="movie-itemstyle__PosterImageStyled-sc-1whcf82-2 gRnrPE"
              height={170}
              posterPath=""
              source={
                {
                  "uri": "",
                }
              }
              type="Small"
              width={120}
            />
            <View
              className="movie-itemstyle__MovieItemContainer-sc-1whcf82-0 fPBHkc"
            >
              <View
                className="movie-itemstyle__InfoWrapper-sc-1whcf82-1 jniQjm"
              >
                <View
                  className="movie-item-infostyle__Container-sc-34nynz-0 eRSIVD"
                >
                  <Text
                    className="movie-item-infostyle__Title-sc-34nynz-1 bIkXnl"
                    color="neutral100"
                    style={
                      {
                        "color": "",
                        "fontSize": 18,
                        "fontWeight": "normal",
                      }
                    }
                    type="Subtitle2"
                  >
                    AVENGERS
                  </Text>
                  <Text
                    className="movie-item-infostyle__Detail-sc-34nynz-2 ktREIu"
                    color="neutral90"
                    style={
                      {
                        "color": "",
                        "fontSize": 12,
                        "fontWeight": "normal",
                      }
                    }
                    type="Caption"
                  >
                    Release date: 
                    2023-09-07
                  </Text>
                  <Text
                    className="movie-item-infostyle__Detail-sc-34nynz-2 ktREIu"
                    color="neutral90"
                    style={
                      {
                        "color": "",
                        "fontSize": 12,
                        "fontWeight": "normal",
                      }
                    }
                    type="Caption"
                  >
                    language: 
                  </Text>
                </View>
                <View
                  accessibilityState={
                    {
                      "busy": undefined,
                      "checked": undefined,
                      "disabled": false,
                      "expanded": undefined,
                      "selected": undefined,
                    }
                  }
                  accessibilityValue={
                    {
                      "max": undefined,
                      "min": undefined,
                      "now": undefined,
                      "text": undefined,
                    }
                  }
                  accessible={true}
                  collapsable={false}
                  focusable={true}
                  onClick={[Function]}
                  onResponderGrant={[Function]}
                  onResponderMove={[Function]}
                  onResponderRelease={[Function]}
                  onResponderTerminate={[Function]}
                  onResponderTerminationRequest={[Function]}
                  onStartShouldSetResponder={[Function]}
                  style={
                    {
                      "opacity": 1,
                    }
                  }
                >
                  <SvgMock />
                </View>
              </View>
              <View
                className="ratingstyle__Container-sc-1qf82rc-0 ctGIdS"
              >
                <Text
                  className="ratingstyle__RateText-sc-1qf82rc-1 htfkJv"
                  color="tertiary10"
                  style={
                    {
                      "color": "",
                      "fontSize": 22,
                      "fontWeight": "normal",
                    }
                  }
                  type="BigValue"
                >
                  10
                </Text>
                <View
                  accessibilityState={
                    {
                      "busy": undefined,
                      "checked": undefined,
                      "disabled": undefined,
                      "expanded": undefined,
                      "selected": undefined,
                    }
                  }
                  accessible={true}
                  focusable={false}
                  onClick={[Function]}
                  onResponderGrant={[Function]}
                  onResponderMove={[Function]}
                  onResponderRelease={[Function]}
                  onResponderTerminate={[Function]}
                  onResponderTerminationRequest={[Function]}
                  onStartShouldSetResponder={[Function]}
                  style={
                    {
                      "width": 20,
                    }
                  }
                  testID="star-rate"
                >
                  <SvgMock
                    style={
                      {
                        "marginLeft": 5,
                        "marginTop": 5,
                      }
                    }
                  />
                </View>
                <View
                  accessibilityState={
                    {
                      "busy": undefined,
                      "checked": undefined,
                      "disabled": undefined,
                      "expanded": undefined,
                      "selected": undefined,
                    }
                  }
                  accessible={true}
                  focusable={false}
                  onClick={[Function]}
                  onResponderGrant={[Function]}
                  onResponderMove={[Function]}
                  onResponderRelease={[Function]}
                  onResponderTerminate={[Function]}
                  onResponderTerminationRequest={[Function]}
                  onStartShouldSetResponder={[Function]}
                  style={
                    {
                      "width": 20,
                    }
                  }
                  testID="star-rate"
                >
                  <SvgMock
                    style={
                      {
                        "marginLeft": 5,
                        "marginTop": 5,
                      }
                    }
                  />
                </View>
                <View
                  accessibilityState={
                    {
                      "busy": undefined,
                      "checked": undefined,
                      "disabled": undefined,
                      "expanded": undefined,
                      "selected": undefined,
                    }
                  }
                  accessible={true}
                  focusable={false}
                  onClick={[Function]}
                  onResponderGrant={[Function]}
                  onResponderMove={[Function]}
                  onResponderRelease={[Function]}
                  onResponderTerminate={[Function]}
                  onResponderTerminationRequest={[Function]}
                  onStartShouldSetResponder={[Function]}
                  style={
                    {
                      "width": 20,
                    }
                  }
                  testID="star-rate"
                >
                  <SvgMock
                    style={
                      {
                        "marginLeft": 5,
                        "marginTop": 5,
                      }
                    }
                  />
                </View>
                <View
                  accessibilityState={
                    {
                      "busy": undefined,
                      "checked": undefined,
                      "disabled": undefined,
                      "expanded": undefined,
                      "selected": undefined,
                    }
                  }
                  accessible={true}
                  focusable={false}
                  onClick={[Function]}
                  onResponderGrant={[Function]}
                  onResponderMove={[Function]}
                  onResponderRelease={[Function]}
                  onResponderTerminate={[Function]}
                  onResponderTerminationRequest={[Function]}
                  onStartShouldSetResponder={[Function]}
                  style={
                    {
                      "width": 20,
                    }
                  }
                  testID="star-rate"
                >
                  <SvgMock
                    style={
                      {
                        "marginLeft": 5,
                        "marginTop": 5,
                      }
                    }
                  />
                </View>
                <View
                  accessibilityState={
                    {
                      "busy": undefined,
                      "checked": undefined,
                      "disabled": undefined,
                      "expanded": undefined,
                      "selected": undefined,
                    }
                  }
                  accessible={true}
                  focusable={false}
                  onClick={[Function]}
                  onResponderGrant={[Function]}
                  onResponderMove={[Function]}
                  onResponderRelease={[Function]}
                  onResponderTerminate={[Function]}
                  onResponderTerminationRequest={[Function]}
                  onStartShouldSetResponder={[Function]}
                  style={
                    {
                      "width": 20,
                    }
                  }
                  testID="star-rate"
                >
                  <SvgMock
                    style={
                      {
                        "marginLeft": 5,
                        "marginTop": 5,
                      }
                    }
                  />
                </View>
              </View>
            </View>
          </View>
        </View>
      </View>
      <View
        onFocusCapture={[Function]}
        onLayout={[Function]}
        style={null}
      >
        <View
          accessibilityState={
            {
              "busy": undefined,
              "checked": undefined,
              "disabled": undefined,
              "expanded": undefined,
              "selected": undefined,
            }
          }
          accessibilityValue={
            {
              "max": undefined,
              "min": undefined,
              "now": undefined,
              "text": undefined,
            }
          }
          accessible={true}
          collapsable={false}
          focusable={true}
          onClick={[Function]}
          onResponderGrant={[Function]}
          onResponderMove={[Function]}
          onResponderRelease={[Function]}
          onResponderTerminate={[Function]}
          onResponderTerminationRequest={[Function]}
          onStartShouldSetResponder={[Function]}
          style={
            {
              "opacity": 1,
            }
          }
        >
          <View
            className="cardcomponent__Card-sc-d7o94l-0 gDJANb"
          >
            <Image
              className="movie-itemstyle__PosterImageStyled-sc-1whcf82-2 gRnrPE"
              height={170}
              posterPath=""
              source={
                {
                  "uri": "",
                }
              }
              type="Small"
              width={120}
            />
            <View
              className="movie-itemstyle__MovieItemContainer-sc-1whcf82-0 fPBHkc"
            >
              <View
                className="movie-itemstyle__InfoWrapper-sc-1whcf82-1 jniQjm"
              >
                <View
                  className="movie-item-infostyle__Container-sc-34nynz-0 eRSIVD"
                >
                  <Text
                    className="movie-item-infostyle__Title-sc-34nynz-1 bIkXnl"
                    color="neutral100"
                    style={
                      {
                        "color": "",
                        "fontSize": 18,
                        "fontWeight": "normal",
                      }
                    }
                    type="Subtitle2"
                  >
                    TRANSFORMERS
                  </Text>
                  <Text
                    className="movie-item-infostyle__Detail-sc-34nynz-2 ktREIu"
                    color="neutral90"
                    style={
                      {
                        "color": "",
                        "fontSize": 12,
                        "fontWeight": "normal",
                      }
                    }
                    type="Caption"
                  >
                    Release date: 
                    2023-09-07
                  </Text>
                  <Text
                    className="movie-item-infostyle__Detail-sc-34nynz-2 ktREIu"
                    color="neutral90"
                    style={
                      {
                        "color": "",
                        "fontSize": 12,
                        "fontWeight": "normal",
                      }
                    }
                    type="Caption"
                  >
                    language: 
                  </Text>
                </View>
                <View
                  accessibilityState={
                    {
                      "busy": undefined,
                      "checked": undefined,
                      "disabled": false,
                      "expanded": undefined,
                      "selected": undefined,
                    }
                  }
                  accessibilityValue={
                    {
                      "max": undefined,
                      "min": undefined,
                      "now": undefined,
                      "text": undefined,
                    }
                  }
                  accessible={true}
                  collapsable={false}
                  focusable={true}
                  onClick={[Function]}
                  onResponderGrant={[Function]}
                  onResponderMove={[Function]}
                  onResponderRelease={[Function]}
                  onResponderTerminate={[Function]}
                  onResponderTerminationRequest={[Function]}
                  onStartShouldSetResponder={[Function]}
                  style={
                    {
                      "opacity": 1,
                    }
                  }
                >
                  <SvgMock />
                </View>
              </View>
              <View
                className="ratingstyle__Container-sc-1qf82rc-0 ctGIdS"
              >
                <Text
                  className="ratingstyle__RateText-sc-1qf82rc-1 htfkJv"
                  color="tertiary10"
                  style={
                    {
                      "color": "",
                      "fontSize": 22,
                      "fontWeight": "normal",
                    }
                  }
                  type="BigValue"
                >
                  10
                </Text>
                <View
                  accessibilityState={
                    {
                      "busy": undefined,
                      "checked": undefined,
                      "disabled": undefined,
                      "expanded": undefined,
                      "selected": undefined,
                    }
                  }
                  accessible={true}
                  focusable={false}
                  onClick={[Function]}
                  onResponderGrant={[Function]}
                  onResponderMove={[Function]}
                  onResponderRelease={[Function]}
                  onResponderTerminate={[Function]}
                  onResponderTerminationRequest={[Function]}
                  onStartShouldSetResponder={[Function]}
                  style={
                    {
                      "width": 20,
                    }
                  }
                  testID="star-rate"
                >
                  <SvgMock
                    style={
                      {
                        "marginLeft": 5,
                        "marginTop": 5,
                      }
                    }
                  />
                </View>
                <View
                  accessibilityState={
                    {
                      "busy": undefined,
                      "checked": undefined,
                      "disabled": undefined,
                      "expanded": undefined,
                      "selected": undefined,
                    }
                  }
                  accessible={true}
                  focusable={false}
                  onClick={[Function]}
                  onResponderGrant={[Function]}
                  onResponderMove={[Function]}
                  onResponderRelease={[Function]}
                  onResponderTerminate={[Function]}
                  onResponderTerminationRequest={[Function]}
                  onStartShouldSetResponder={[Function]}
                  style={
                    {
                      "width": 20,
                    }
                  }
                  testID="star-rate"
                >
                  <SvgMock
                    style={
                      {
                        "marginLeft": 5,
                        "marginTop": 5,
                      }
                    }
                  />
                </View>
                <View
                  accessibilityState={
                    {
                      "busy": undefined,
                      "checked": undefined,
                      "disabled": undefined,
                      "expanded": undefined,
                      "selected": undefined,
                    }
                  }
                  accessible={true}
                  focusable={false}
                  onClick={[Function]}
                  onResponderGrant={[Function]}
                  onResponderMove={[Function]}
                  onResponderRelease={[Function]}
                  onResponderTerminate={[Function]}
                  onResponderTerminationRequest={[Function]}
                  onStartShouldSetResponder={[Function]}
                  style={
                    {
                      "width": 20,
                    }
                  }
                  testID="star-rate"
                >
                  <SvgMock
                    style={
                      {
                        "marginLeft": 5,
                        "marginTop": 5,
                      }
                    }
                  />
                </View>
                <View
                  accessibilityState={
                    {
                      "busy": undefined,
                      "checked": undefined,
                      "disabled": undefined,
                      "expanded": undefined,
                      "selected": undefined,
                    }
                  }
                  accessible={true}
                  focusable={false}
                  onClick={[Function]}
                  onResponderGrant={[Function]}
                  onResponderMove={[Function]}
                  onResponderRelease={[Function]}
                  onResponderTerminate={[Function]}
                  onResponderTerminationRequest={[Function]}
                  onStartShouldSetResponder={[Function]}
                  style={
                    {
                      "width": 20,
                    }
                  }
                  testID="star-rate"
                >
                  <SvgMock
                    style={
                      {
                        "marginLeft": 5,
                        "marginTop": 5,
                      }
                    }
                  />
                </View>
                <View
                  accessibilityState={
                    {
                      "busy": undefined,
                      "checked": undefined,
                      "disabled": undefined,
                      "expanded": undefined,
                      "selected": undefined,
                    }
                  }
                  accessible={true}
                  focusable={false}
                  onClick={[Function]}
                  onResponderGrant={[Function]}
                  onResponderMove={[Function]}
                  onResponderRelease={[Function]}
                  onResponderTerminate={[Function]}
                  onResponderTerminationRequest={[Function]}
                  onStartShouldSetResponder={[Function]}
                  style={
                    {
                      "width": 20,
                    }
                  }
                  testID="star-rate"
                >
                  <SvgMock
                    style={
                      {
                        "marginLeft": 5,
                        "marginTop": 5,
                      }
                    }
                  />
                </View>
              </View>
            </View>
          </View>
        </View>
      </View>
    </View>
  </RCTScrollView>
</View>
`;
